Reusing configuration cache.
> Task :media3-patched:lib-muxer:preBuild UP-TO-DATE
> Task :media3-patched:lib-container:preBuild UP-TO-DATE
> Task :app:preBuild UP-TO-DATE
> Task :media3-patched:lib-common:preBuild UP-TO-DATE
> Task :media3-patched:lib-common:preDebugBuild UP-TO-DATE
> Task :media3-patched:lib-container:preDebugBuild UP-TO-DATE
> Task :app:preDefaultDebugBuild UP-TO-DATE
> Task :media3-patched:lib-muxer:preDebugBuild UP-TO-DATE
> Task :media3-patched:lib-muxer:writeDebugAarMetadata UP-TO-DATE
> Task :media3-patched:lib-container:mergeDebugJniLibFolders UP-TO-DATE
> Task :media3-patched:lib-muxer:mergeDebugJniLibFolders UP-TO-DATE
> Task :media3-patched:lib-common:mergeDebugJniLibFolders UP-TO-DATE
> Task :media3-patched:lib-common:writeDebugAarMetadata UP-TO-DATE
> Task :media3-patched:lib-container:writeDebugAarMetadata UP-TO-DATE
> Task :media3-patched:lib-common:mergeDebugNativeLibs NO-SOURCE
> Task :media3-patched:lib-muxer:mergeDebugNativeLibs NO-SOURCE
> Task :media3-patched:lib-container:mergeDebugNativeLibs NO-SOURCE
> Task :media3-patched:lib-common:copyDebugJniLibsProjectOnly UP-TO-DATE
> Task :media3-patched:lib-container:copyDebugJniLibsProjectOnly UP-TO-DATE
> Task :media3-patched:lib-muxer:copyDebugJniLibsProjectOnly UP-TO-DATE
> Task :media3-patched:lib-common:processDebugNavigationResources UP-TO-DATE
> Task :media3-patched:lib-muxer:processDebugNavigationResources UP-TO-DATE
> Task :media3-patched:lib-container:processDebugNavigationResources UP-TO-DATE
> Task :media3-patched:lib-common:generateDebugResValues UP-TO-DATE
> Task :media3-patched:lib-muxer:generateDebugResValues UP-TO-DATE
> Task :media3-patched:lib-common:generateDebugResources UP-TO-DATE
> Task :media3-patched:lib-muxer:generateDebugResources UP-TO-DATE
> Task :media3-patched:lib-common:packageDebugResources UP-TO-DATE
> Task :media3-patched:lib-muxer:packageDebugResources UP-TO-DATE
> Task :media3-patched:lib-container:generateDebugResValues UP-TO-DATE
> Task :media3-patched:lib-muxer:extractDeepLinksDebug UP-TO-DATE
> Task :media3-patched:lib-container:generateDebugResources UP-TO-DATE
> Task :media3-patched:lib-common:extractDeepLinksDebug UP-TO-DATE
> Task :media3-patched:lib-container:extractDeepLinksDebug UP-TO-DATE
> Task :media3-patched:lib-container:packageDebugResources UP-TO-DATE
> Task :media3-patched:lib-muxer:processDebugManifest UP-TO-DATE
> Task :media3-patched:lib-common:processDebugManifest UP-TO-DATE
> Task :media3-patched:lib-common:parseDebugLocalResources UP-TO-DATE
> Task :media3-patched:lib-container:processDebugManifest UP-TO-DATE
> Task :media3-patched:lib-container:parseDebugLocalResources UP-TO-DATE
> Task :media3-patched:lib-muxer:parseDebugLocalResources UP-TO-DATE
> Task :media3-patched:lib-common:generateDebugRFile UP-TO-DATE
> Task :media3-patched:lib-muxer:compileDebugLibraryResources UP-TO-DATE
> Task :media3-patched:lib-common:compileDebugLibraryResources UP-TO-DATE
> Task :media3-patched:lib-container:compileDebugLibraryResources UP-TO-DATE
> Task :media3-patched:lib-common:javaPreCompileDebug UP-TO-DATE
> Task :media3-patched:lib-container:generateDebugRFile UP-TO-DATE
> Task :media3-patched:lib-muxer:generateDebugRFile UP-TO-DATE
> Task :media3-patched:lib-container:javaPreCompileDebug UP-TO-DATE
> Task :media3-patched:lib-muxer:javaPreCompileDebug UP-TO-DATE
> Task :media3-patched:lib-muxer:mergeDebugShaders UP-TO-DATE
> Task :app:desugarDefaultDebugFileDependencies
> Task :media3-patched:lib-muxer:compileDebugShaders NO-SOURCE
> Task :media3-patched:lib-muxer:generateDebugAssets UP-TO-DATE
> Task :media3-patched:lib-common:mergeDebugShaders UP-TO-DATE
> Task :media3-patched:lib-common:compileDebugShaders NO-SOURCE
> Task :media3-patched:lib-common:generateDebugAssets UP-TO-DATE
> Task :media3-patched:lib-muxer:mergeDebugAssets UP-TO-DATE
> Task :media3-patched:lib-container:mergeDebugShaders UP-TO-DATE
> Task :media3-patched:lib-common:mergeDebugAssets UP-TO-DATE
> Task :media3-patched:lib-container:compileDebugShaders NO-SOURCE
> Task :app:writeDefaultDebugAppMetadata
> Task :media3-patched:lib-container:generateDebugAssets UP-TO-DATE
> Task :media3-patched:lib-container:mergeDebugAssets UP-TO-DATE
> Task :media3-patched:lib-muxer:processDebugJavaRes NO-SOURCE
> Task :media3-patched:lib-common:processDebugJavaRes NO-SOURCE
> Task :media3-patched:lib-container:processDebugJavaRes NO-SOURCE
> Task :media3-patched:lib-common:compileDebugJavaWithJavac UP-TO-DATE
> Task :media3-patched:lib-common:bundleLibCompileToJarDebug UP-TO-DATE
> Task :media3-patched:lib-common:bundleLibRuntimeToDirDebug UP-TO-DATE
> Task :media3-patched:lib-common:bundleLibRuntimeToJarDebug UP-TO-DATE
> Task :media3-patched:lib-container:compileDebugJavaWithJavac UP-TO-DATE
> Task :media3-patched:lib-container:bundleLibCompileToJarDebug UP-TO-DATE
> Task :media3-patched:lib-container:bundleLibRuntimeToDirDebug UP-TO-DATE
> Task :media3-patched:lib-container:bundleLibRuntimeToJarDebug UP-TO-DATE
> Task :media3-patched:lib-muxer:compileDebugJavaWithJavac UP-TO-DATE
> Task :media3-patched:lib-muxer:bundleLibCompileToJarDebug UP-TO-DATE
> Task :media3-patched:lib-muxer:bundleLibRuntimeToJarDebug UP-TO-DATE
> Task :media3-patched:lib-muxer:bundleLibRuntimeToDirDebug UP-TO-DATE
> Task :app:createDefaultDebugCompatibleScreenManifests
> Task :app:generateDefaultDebugBuildConfig
> Task :app:generateDefaultDebugResValues
> Task :app:mergeDefaultDebugJniLibFolders
> Task :app:mergeDefaultDebugShaders
> Task :app:javaPreCompileDefaultDebug
> Task :app:extractDeepLinksDefaultDebug
> Task :app:writeDefaultDebugSigningConfigVersions
> Task :app:compileDefaultDebugShaders NO-SOURCE
> Task :app:generateDefaultDebugAssets UP-TO-DATE
> Task :app:generateDefaultDebugResources
> Task :app:mapDefaultDebugSourceSetPaths
> Task :app:processDefaultDebugNavigationResources
> Task :app:checkDefaultDebugAarMetadata
> Task :app:compileDefaultDebugNavigationResources
> Task :app:validateSigningDefaultDebug
> Task :app:checkDefaultDebugDuplicateClasses
> Task :app:mergeDefaultDebugAssets
> Task :app:processDefaultDebugMainManifest
> Task :app:mergeLibDexDefaultDebug
> Task :app:processDefaultDebugManifest
> Task :app:processDefaultDebugManifestForPackage
> Task :app:compressDefaultDebugAssets
> Task :app:packageDefaultDebugResources
> Task :app:parseDefaultDebugLocalResources
> Task :app:mergeExtDexDefaultDebug
> Task :app:configureCMakeDebug[arm64-v8a]
> Task :app:mergeDefaultDebugResources
> Task :app:buildCMakeDebug[arm64-v8a]
> Task :app:processDefaultDebugResources
> Task :app:mergeDefaultDebugNativeLibs

> Task :app:stripDefaultDebugDebugSymbols
Unable to strip the following libraries, packaging them as they are: libjnidispatch.so. Run with --info option to learn more.

> Task :app:extractDefaultDebugNativeDebugMetadata
> Task :app:mergeDefaultDebugNativeDebugMetadata
> Task :app:compileDefaultDebugJavaWithJavac
.\gradlew : Note: Some input files use or override a deprecated API.
At line:1 char:338
+ ... -ErrorAction SilentlyContinue }; .\gradlew assembleDebug 2>&1 | Out-F ...
+                                      ~~~~~~~~~~~~~~~~~~~~~~~~~~~~
    + CategoryInfo          : NotSpecified: (Note: Some inpu...deprecated API.:String) [], RemoteException
    + FullyQualifiedErrorId : NativeCommandError
 
Note: Recompile with -Xlint:deprecation for details.
Note: Some input files use unchecked or unsafe operations.
Note: Recompile with -Xlint:unchecked for details.

> Task :app:processDefaultDebugJavaRes

> Task :app:dexBuilderDefaultDebug
ERROR: C:\+Projects\Screenrecorder\FadCam\app\build\intermediates\javac\defaultDebug\compileDefaultDebugJavaWithJavac\c
lasses\com\guardanis\applock\pin\PINItemView.class: D8: com.android.tools.r8.internal.ax: Invalid empty classfile

> Task :app:mergeDefaultDebugJavaResource

> Task :app:dexBuilderDefaultDebug
org.gradle.workers.WorkerExecutionException: There was a failure while executing work items
	at org.gradle.workers.internal.DefaultWorkerExecutor.workerExecutionException(DefaultWorkerExecutor.java:223)
	at org.gradle.workers.internal.DefaultWorkerExecutor.await(DefaultWorkerExecutor.java:205)
	at 
com.android.build.gradle.internal.tasks.DexArchiveBuilderTaskDelegate.doProcess(DexArchiveBuilderTaskDelegate.kt:215)
	at com.android.build.gradle.internal.tasks.DexArchiveBuilderTask.doTaskAction(DexArchiveBuilderTask.kt:225)
	at com.android.build.gradle.internal.tasks.NewIncrementalTask$taskAction$$inlined$recordTaskAction$1.invoke(BaseTask.k
t:82)
	at com.android.build.gradle.internal.tasks.Blocks.recordSpan(Blocks.java:51)
	at com.android.build.gradle.internal.tasks.NewIncrementalTask.taskAction(NewIncrementalTask.kt:46)
	at java.base/jdk.internal.reflect.NativeMethodAccessorImpl.invoke0(Native Method)
	at java.base/jdk.internal.reflect.NativeMethodAccessorImpl.invoke(NativeMethodAccessorImpl.java:77)
	at java.base/jdk.internal.reflect.DelegatingMethodAccessorImpl.invoke(DelegatingMethodAccessorImpl.java:43)
	at java.base/java.lang.reflect.Method.invoke(Method.java:569)
	at org.gradle.internal.reflect.JavaMethod.invoke(JavaMethod.java:125)
	at org.gradle.api.internal.project.taskfactory.IncrementalTaskAction.doExecute(IncrementalTaskAction.java:45)
	at org.gradle.api.internal.project.taskfactory.StandardTaskAction.execute(StandardTaskAction.java:51)
	at org.gradle.api.internal.project.taskfactory.IncrementalTaskAction.execute(IncrementalTaskAction.java:26)
	at org.gradle.api.internal.project.taskfactory.StandardTaskAction.execute(StandardTaskAction.java:29)
	at org.gradle.api.internal.tasks.execution.TaskExecution$3.run(TaskExecution.java:244)
	at org.gradle.internal.operations.DefaultBuildOperationRunner$1.execute(DefaultBuildOperationRunner.java:30)
	at org.gradle.internal.operations.DefaultBuildOperationRunner$1.execute(DefaultBuildOperationRunner.java:27)
	at org.gradle.internal.operations.DefaultBuildOperationRunner$2.execute(DefaultBuildOperationRunner.java:67)
	at org.gradle.internal.operations.DefaultBuildOperationRunner$2.execute(DefaultBuildOperationRunner.java:60)
	at org.gradle.internal.operations.DefaultBuildOperationRunner.execute(DefaultBuildOperationRunner.java:167)
	at org.gradle.internal.operations.DefaultBuildOperationRunner.execute(DefaultBuildOperationRunner.java:60)
	at org.gradle.internal.operations.DefaultBuildOperationRunner.run(DefaultBuildOperationRunner.java:48)
	at org.gradle.api.internal.tasks.execution.TaskExecution.executeAction(TaskExecution.java:229)
	at org.gradle.api.internal.tasks.execution.TaskExecution.executeActions(TaskExecution.java:212)
	at org.gradle.api.internal.tasks.execution.TaskExecution.executeWithPreviousOutputFiles(TaskExecution.java:195)
	at org.gradle.api.internal.tasks.execution.TaskExecution.execute(TaskExecution.java:162)
	at org.gradle.internal.execution.steps.ExecuteStep.executeInternal(ExecuteStep.java:105)
	at org.gradle.internal.execution.steps.ExecuteStep.access$000(ExecuteStep.java:44)
	at org.gradle.internal.execution.steps.ExecuteStep$1.call(ExecuteStep.java:59)
	at org.gradle.internal.execution.steps.ExecuteStep$1.call(ExecuteStep.java:56)
	at org.gradle.internal.operations.DefaultBuildOperationRunner$CallableBuildOperationWorker.execute(DefaultBuildOperati
onRunner.java:210)
	at org.gradle.internal.operations.DefaultBuildOperationRunner$CallableBuildOperationWorker.execute(DefaultBuildOperati
onRunner.java:205)
	at org.gradle.internal.operations.DefaultBuildOperationRunner$2.execute(DefaultBuildOperationRunner.java:67)
	at org.gradle.internal.operations.DefaultBuildOperationRunner$2.execute(DefaultBuildOperationRunner.java:60)
	at org.gradle.internal.operations.DefaultBuildOperationRunner.execute(DefaultBuildOperationRunner.java:167)
	at org.gradle.internal.operations.DefaultBuildOperationRunner.execute(DefaultBuildOperationRunner.java:60)
	at org.gradle.internal.operations.DefaultBuildOperationRunner.call(DefaultBuildOperationRunner.java:54)
	at org.gradle.internal.execution.steps.ExecuteStep.execute(ExecuteStep.java:56)
	at org.gradle.internal.execution.steps.ExecuteStep.execute(ExecuteStep.java:44)
	at org.gradle.internal.execution.steps.CancelExecutionStep.execute(CancelExecutionStep.java:42)
	at org.gradle.internal.execution.steps.TimeoutStep.executeWithoutTimeout(TimeoutStep.java:75)
	at org.gradle.internal.execution.steps.TimeoutStep.execute(TimeoutStep.java:55)
	at org.gradle.internal.execution.steps.PreCreateOutputParentsStep.execute(PreCreateOutputParentsStep.java:50)
	at org.gradle.internal.execution.steps.PreCreateOutputParentsStep.execute(PreCreateOutputParentsStep.java:28)
	at org.gradle.internal.execution.steps.RemovePreviousOutputsStep.execute(RemovePreviousOutputsStep.java:67)
	at org.gradle.internal.execution.steps.RemovePreviousOutputsStep.execute(RemovePreviousOutputsStep.java:37)
	at org.gradle.internal.execution.steps.BroadcastChangingOutputsStep.execute(BroadcastChangingOutputsStep.java:61)
	at org.gradle.internal.execution.steps.BroadcastChangingOutputsStep.execute(BroadcastChangingOutputsStep.java:26)
	at 
org.gradle.internal.execution.steps.CaptureOutputsAfterExecutionStep.execute(CaptureOutputsAfterExecutionStep.java:69)
	at 
org.gradle.internal.execution.steps.CaptureOutputsAfterExecutionStep.execute(CaptureOutputsAfterExecutionStep.java:46)
	at org.gradle.internal.execution.steps.ResolveInputChangesStep.execute(ResolveInputChangesStep.java:40)
	at org.gradle.internal.execution.steps.ResolveInputChangesStep.execute(ResolveInputChangesStep.java:29)
	at org.gradle.internal.execution.steps.BuildCacheStep.executeWithoutCache(BuildCacheStep.java:189)
	at org.gradle.internal.execution.steps.BuildCacheStep.lambda$execute$1(BuildCacheStep.java:75)
	at org.gradle.internal.Either$Right.fold(Either.java:175)
	at org.gradle.internal.execution.caching.CachingState.fold(CachingState.java:62)
	at org.gradle.internal.execution.steps.BuildCacheStep.execute(BuildCacheStep.java:73)
	at org.gradle.internal.execution.steps.BuildCacheStep.execute(BuildCacheStep.java:48)
	at org.gradle.internal.execution.steps.StoreExecutionStateStep.execute(StoreExecutionStateStep.java:46)
	at org.gradle.internal.execution.steps.StoreExecutionStateStep.execute(StoreExecutionStateStep.java:35)
	at org.gradle.internal.execution.steps.SkipUpToDateStep.executeBecause(SkipUpToDateStep.java:75)
	at org.gradle.internal.execution.steps.SkipUpToDateStep.lambda$execute$2(SkipUpToDateStep.java:53)
	at java.base/java.util.Optional.orElseGet(Optional.java:364)
	at org.gradle.internal.execution.steps.SkipUpToDateStep.execute(SkipUpToDateStep.java:53)
	at org.gradle.internal.execution.steps.SkipUpToDateStep.execute(SkipUpToDateStep.java:35)
	at org.gradle.internal.execution.steps.legacy.MarkSnapshottingInputsFinishedStep.execute(MarkSnapshottingInputsFinishe
dStep.java:37)
	at org.gradle.internal.execution.steps.legacy.MarkSnapshottingInputsFinishedStep.execute(MarkSnapshottingInputsFinishe
dStep.java:27)
	at org.gradle.internal.execution.steps.ResolveIncrementalCachingStateStep.executeDelegate(ResolveIncrementalCachingSta
teStep.java:49)
	at org.gradle.internal.execution.steps.ResolveIncrementalCachingStateStep.executeDelegate(ResolveIncrementalCachingSta
teStep.java:27)
	at 
org.gradle.internal.execution.steps.AbstractResolveCachingStateStep.execute(AbstractResolveCachingStateStep.java:71)
	at 
org.gradle.internal.execution.steps.AbstractResolveCachingStateStep.execute(AbstractResolveCachingStateStep.java:39)
	at org.gradle.internal.execution.steps.ResolveChangesStep.execute(ResolveChangesStep.java:65)
	at org.gradle.internal.execution.steps.ResolveChangesStep.execute(ResolveChangesStep.java:36)
	at org.gradle.internal.execution.steps.ValidateStep.execute(ValidateStep.java:107)
	at org.gradle.internal.execution.steps.ValidateStep.execute(ValidateStep.java:56)
	at org.gradle.internal.execution.steps.AbstractCaptureStateBeforeExecutionStep.execute(AbstractCaptureStateBeforeExecu
tionStep.java:64)
	at org.gradle.internal.execution.steps.AbstractCaptureStateBeforeExecutionStep.execute(AbstractCaptureStateBeforeExecu
tionStep.java:43)
	at org.gradle.internal.execution.steps.AbstractSkipEmptyWorkStep.executeWithNonEmptySources(AbstractSkipEmptyWorkStep.
java:125)
	at org.gradle.internal.execution.steps.AbstractSkipEmptyWorkStep.execute(AbstractSkipEmptyWorkStep.java:56)
	at org.gradle.internal.execution.steps.AbstractSkipEmptyWorkStep.execute(AbstractSkipEmptyWorkStep.java:36)
	at org.gradle.internal.execution.steps.legacy.MarkSnapshottingInputsStartedStep.execute(MarkSnapshottingInputsStartedS
tep.java:38)
	at org.gradle.internal.execution.steps.LoadPreviousExecutionStateStep.execute(LoadPreviousExecutionStateStep.java:36)
	at org.gradle.internal.execution.steps.LoadPreviousExecutionStateStep.execute(LoadPreviousExecutionStateStep.java:23)
	at org.gradle.internal.execution.steps.HandleStaleOutputsStep.execute(HandleStaleOutputsStep.java:75)
	at org.gradle.internal.execution.steps.HandleStaleOutputsStep.execute(HandleStaleOutputsStep.java:41)
	at org.gradle.internal.execution.steps.AssignMutableWorkspaceStep.lambda$execute$0(AssignMutableWorkspaceStep.java:35)
	at org.gradle.api.internal.tasks.execution.TaskExecution$4.withWorkspace(TaskExecution.java:289)
	at org.gradle.internal.execution.steps.AssignMutableWorkspaceStep.execute(AssignMutableWorkspaceStep.java:31)
	at org.gradle.internal.execution.steps.AssignMutableWorkspaceStep.execute(AssignMutableWorkspaceStep.java:22)
	at org.gradle.internal.execution.steps.ChoosePipelineStep.execute(ChoosePipelineStep.java:40)
	at org.gradle.internal.execution.steps.ChoosePipelineStep.execute(ChoosePipelineStep.java:23)
	at org.gradle.internal.execution.steps.ExecuteWorkBuildOperationFiringStep.lambda$execute$2(ExecuteWorkBuildOperationF
iringStep.java:67)
	at java.base/java.util.Optional.orElseGet(Optional.java:364)
	at org.gradle.internal.execution.steps.ExecuteWorkBuildOperationFiringStep.execute(ExecuteWorkBuildOperationFiringStep
.java:67)
	at org.gradle.internal.execution.steps.ExecuteWorkBuildOperationFiringStep.execute(ExecuteWorkBuildOperationFiringStep
.java:39)
	at org.gradle.internal.execution.steps.IdentityCacheStep.execute(IdentityCacheStep.java:46)
	at org.gradle.internal.execution.steps.IdentityCacheStep.execute(IdentityCacheStep.java:34)
	at org.gradle.internal.execution.steps.IdentifyStep.execute(IdentifyStep.java:48)
	at org.gradle.internal.execution.steps.IdentifyStep.execute(IdentifyStep.java:35)
	at org.gradle.internal.execution.impl.DefaultExecutionEngine$1.execute(DefaultExecutionEngine.java:61)
	at 
org.gradle.api.internal.tasks.execution.ExecuteActionsTaskExecuter.executeIfValid(ExecuteActionsTaskExecuter.java:127)
	at org.gradle.api.internal.tasks.execution.ExecuteActionsTaskExecuter.execute(ExecuteActionsTaskExecuter.java:116)
	at org.gradle.api.internal.tasks.execution.ProblemsTaskPathTrackingTaskExecuter.execute(ProblemsTaskPathTrackingTaskEx
ecuter.java:40)
	at 
org.gradle.api.internal.tasks.execution.FinalizePropertiesTaskExecuter.execute(FinalizePropertiesTaskExecuter.java:46)
	at org.gradle.api.internal.tasks.execution.ResolveTaskExecutionModeExecuter.execute(ResolveTaskExecutionModeExecuter.j
ava:51)
	at 
org.gradle.api.internal.tasks.execution.SkipTaskWithNoActionsExecuter.execute(SkipTaskWithNoActionsExecuter.java:57)
	at org.gradle.api.internal.tasks.execution.SkipOnlyIfTaskExecuter.execute(SkipOnlyIfTaskExecuter.java:74)
	at org.gradle.api.internal.tasks.execution.CatchExceptionTaskExecuter.execute(CatchExceptionTaskExecuter.java:36)
	at org.gradle.api.internal.tasks.execution.EventFiringTaskExecuter$1.executeTask(EventFiringTaskExecuter.java:77)
	at org.gradle.api.internal.tasks.execution.EventFiringTaskExecuter$1.call(EventFiringTaskExecuter.java:55)
	at org.gradle.api.internal.tasks.execution.EventFiringTaskExecuter$1.call(EventFiringTaskExecuter.java:52)
	at org.gradle.internal.operations.DefaultBuildOperationRunner$CallableBuildOperationWorker.execute(DefaultBuildOperati
onRunner.java:210)
	at org.gradle.internal.operations.DefaultBuildOperationRunner$CallableBuildOperationWorker.execute(DefaultBuildOperati
onRunner.java:205)
	at org.gradle.internal.operations.DefaultBuildOperationRunner$2.execute(DefaultBuildOperationRunner.java:67)
	at org.gradle.internal.operations.DefaultBuildOperationRunner$2.execute(DefaultBuildOperationRunner.java:60)
	at org.gradle.internal.operations.DefaultBuildOperationRunner.execute(DefaultBuildOperationRunner.java:167)
	at org.gradle.internal.operations.DefaultBuildOperationRunner.execute(DefaultBuildOperationRunner.java:60)
	at org.gradle.internal.operations.DefaultBuildOperationRunner.call(DefaultBuildOperationRunner.java:54)
	at org.gradle.api.internal.tasks.execution.EventFiringTaskExecuter.execute(EventFiringTaskExecuter.java:52)
	at org.gradle.execution.plan.LocalTaskNodeExecutor.execute(LocalTaskNodeExecutor.java:42)
	at org.gradle.execution.taskgraph.DefaultTaskExecutionGraph$InvokeNodeExecutorsAction.execute(DefaultTaskExecutionGrap
h.java:331)
	at org.gradle.execution.taskgraph.DefaultTaskExecutionGraph$InvokeNodeExecutorsAction.execute(DefaultTaskExecutionGrap
h.java:318)
	at org.gradle.execution.taskgraph.DefaultTaskExecutionGraph$BuildOperationAwareExecutionAction.lambda$execute$0(Defaul
tTaskExecutionGraph.java:314)
	at org.gradle.internal.operations.CurrentBuildOperationRef.with(CurrentBuildOperationRef.java:85)
	at org.gradle.execution.taskgraph.DefaultTaskExecutionGraph$BuildOperationAwareExecutionAction.execute(DefaultTaskExec
utionGraph.java:314)
	at org.gradle.execution.taskgraph.DefaultTaskExecutionGraph$BuildOperationAwareExecutionAction.execute(DefaultTaskExec
utionGraph.java:303)
	at org.gradle.execution.plan.DefaultPlanExecutor$ExecutorWorker.execute(DefaultPlanExecutor.java:459)
	at org.gradle.execution.plan.DefaultPlanExecutor$ExecutorWorker.run(DefaultPlanExecutor.java:376)
	at org.gradle.internal.concurrent.ExecutorPolicy$CatchAndRecordFailures.onExecute(ExecutorPolicy.java:64)
	at org.gradle.internal.concurrent.AbstractManagedExecutor$1.run(AbstractManagedExecutor.java:48)
	at java.base/java.util.concurrent.ThreadPoolExecutor.runWorker(ThreadPoolExecutor.java:1136)
	at java.base/java.util.concurrent.ThreadPoolExecutor$Worker.run(ThreadPoolExecutor.java:635)
	at java.base/java.lang.Thread.run(Thread.java:840)
Caused by: org.gradle.workers.internal.DefaultWorkerExecutor$WorkExecutionException: A failure occurred while 
executing com.android.build.gradle.internal.dexing.DexWorkAction
	at 
org.gradle.workers.internal.DefaultWorkerExecutor$WorkItemExecution.waitForCompletion(DefaultWorkerExecutor.java:287)
	at org.gradle.internal.work.DefaultAsyncWorkTracker.lambda$waitForItemsAndGatherFailures$2(DefaultAsyncWorkTracker.jav
a:130)
	at org.gradle.internal.Factories$1.create(Factories.java:31)
	at org.gradle.internal.work.DefaultWorkerLeaseService.withoutLocks(DefaultWorkerLeaseService.java:335)
	at org.gradle.internal.work.DefaultWorkerLeaseService.withoutLocks(DefaultWorkerLeaseService.java:318)
	at org.gradle.internal.work.DefaultWorkerLeaseService.withoutLock(DefaultWorkerLeaseService.java:323)
	at org.gradle.internal.work.DefaultAsyncWorkTracker.waitForItemsAndGatherFailures(DefaultAsyncWorkTracker.java:126)
	at org.gradle.internal.work.DefaultAsyncWorkTracker.waitForItemsAndGatherFailures(DefaultAsyncWorkTracker.java:88)
	at org.gradle.internal.work.DefaultAsyncWorkTracker.waitForAll(DefaultAsyncWorkTracker.java:78)
	at org.gradle.internal.work.DefaultAsyncWorkTracker.waitForCompletion(DefaultAsyncWorkTracker.java:66)
	at org.gradle.workers.internal.DefaultWorkerExecutor.await(DefaultWorkerExecutor.java:203)
	at 
com.android.build.gradle.internal.tasks.DexArchiveBuilderTaskDelegate.doProcess(DexArchiveBuilderTaskDelegate.kt:215)
	at com.android.build.gradle.internal.tasks.DexArchiveBuilderTask.doTaskAction(DexArchiveBuilderTask.kt:225)
	at com.android.build.gradle.internal.tasks.NewIncrementalTask$taskAction$$inlined$recordTaskAction$1.invoke(BaseTask.k
t:82)
	at com.android.build.gradle.internal.tasks.Blocks.recordSpan(Blocks.java:51)
	at com.android.build.gradle.internal.tasks.NewIncrementalTask.taskAction(NewIncrementalTask.kt:46)
	at java.base/jdk.internal.reflect.NativeMethodAccessorImpl.invoke0(Native Method)
	at java.base/jdk.internal.reflect.NativeMethodAccessorImpl.invoke(NativeMethodAccessorImpl.java:77)
	at java.base/jdk.internal.reflect.DelegatingMethodAccessorImpl.invoke(DelegatingMethodAccessorImpl.java:43)
	at java.base/java.lang.reflect.Method.invoke(Method.java:569)
	at org.gradle.internal.reflect.JavaMethod.invoke(JavaMethod.java:125)
	at org.gradle.api.internal.project.taskfactory.IncrementalTaskAction.doExecute(IncrementalTaskAction.java:45)
	at org.gradle.api.internal.project.taskfactory.StandardTaskAction.execute(StandardTaskAction.java:51)
	at org.gradle.api.internal.project.taskfactory.IncrementalTaskAction.execute(IncrementalTaskAction.java:26)
	at org.gradle.api.internal.project.taskfactory.StandardTaskAction.execute(StandardTaskAction.java:29)
	at org.gradle.api.internal.tasks.execution.TaskExecution$3.run(TaskExecution.java:244)
	at org.gradle.internal.operations.DefaultBuildOperationRunner$1.execute(DefaultBuildOperationRunner.java:30)
	at org.gradle.internal.operations.DefaultBuildOperationRunner$1.execute(DefaultBuildOperationRunner.java:27)
	at org.gradle.internal.operations.DefaultBuildOperationRunner$2.execute(DefaultBuildOperationRunner.java:67)
	at org.gradle.internal.operations.DefaultBuildOperationRunner$2.execute(DefaultBuildOperationRunner.java:60)
	at org.gradle.internal.operations.DefaultBuildOperationRunner.execute(DefaultBuildOperationRunner.java:167)
	at org.gradle.internal.operations.DefaultBuildOperationRunner.execute(DefaultBuildOperationRunner.java:60)
	at org.gradle.internal.operations.DefaultBuildOperationRunner.run(DefaultBuildOperationRunner.java:48)
	at org.gradle.api.internal.tasks.execution.TaskExecution.executeAction(TaskExecution.java:229)
	at org.gradle.api.internal.tasks.execution.TaskExecution.executeActions(TaskExecution.java:212)
	at org.gradle.api.internal.tasks.execution.TaskExecution.executeWithPreviousOutputFiles(TaskExecution.java:195)
	at org.gradle.api.internal.tasks.execution.TaskExecution.execute(TaskExecution.java:162)
	at org.gradle.internal.execution.steps.ExecuteStep.executeInternal(ExecuteStep.java:105)
	at org.gradle.internal.execution.steps.ExecuteStep.access$000(ExecuteStep.java:44)
	at org.gradle.internal.execution.steps.ExecuteStep$1.call(ExecuteStep.java:59)
	at org.gradle.internal.execution.steps.ExecuteStep$1.call(ExecuteStep.java:56)
	at org.gradle.internal.operations.DefaultBuildOperationRunner$CallableBuildOperationWorker.execute(DefaultBuildOperati
onRunner.java:210)
	at org.gradle.internal.operations.DefaultBuildOperationRunner$CallableBuildOperationWorker.execute(DefaultBuildOperati
onRunner.java:205)
	at org.gradle.internal.operations.DefaultBuildOperationRunner$2.execute(DefaultBuildOperationRunner.java:67)
	at org.gradle.internal.operations.DefaultBuildOperationRunner$2.execute(DefaultBuildOperationRunner.java:60)
	at org.gradle.internal.operations.DefaultBuildOperationRunner.execute(DefaultBuildOperationRunner.java:167)
	at org.gradle.internal.operations.DefaultBuildOperationRunner.execute(DefaultBuildOperationRunner.java:60)
	at org.gradle.internal.operations.DefaultBuildOperationRunner.call(DefaultBuildOperationRunner.java:54)
	at org.gradle.internal.execution.steps.ExecuteStep.execute(ExecuteStep.java:56)
	at org.gradle.internal.execution.steps.ExecuteStep.execute(ExecuteStep.java:44)
	at org.gradle.internal.execution.steps.CancelExecutionStep.execute(CancelExecutionStep.java:42)
	at org.gradle.internal.execution.steps.TimeoutStep.executeWithoutTimeout(TimeoutStep.java:75)
	at org.gradle.internal.execution.steps.TimeoutStep.execute(TimeoutStep.java:55)
	at org.gradle.internal.execution.steps.PreCreateOutputParentsStep.execute(PreCreateOutputParentsStep.java:50)
	at org.gradle.internal.execution.steps.PreCreateOutputParentsStep.execute(PreCreateOutputParentsStep.java:28)
	at org.gradle.internal.execution.steps.RemovePreviousOutputsStep.execute(RemovePreviousOutputsStep.java:67)
	at org.gradle.internal.execution.steps.RemovePreviousOutputsStep.execute(RemovePreviousOutputsStep.java:37)
	at org.gradle.internal.execution.steps.BroadcastChangingOutputsStep.execute(BroadcastChangingOutputsStep.java:61)
	at org.gradle.internal.execution.steps.BroadcastChangingOutputsStep.execute(BroadcastChangingOutputsStep.java:26)
	at 
org.gradle.internal.execution.steps.CaptureOutputsAfterExecutionStep.execute(CaptureOutputsAfterExecutionStep.java:69)
	at 
org.gradle.internal.execution.steps.CaptureOutputsAfterExecutionStep.execute(CaptureOutputsAfterExecutionStep.java:46)
	at org.gradle.internal.execution.steps.ResolveInputChangesStep.execute(ResolveInputChangesStep.java:40)
	at org.gradle.internal.execution.steps.ResolveInputChangesStep.execute(ResolveInputChangesStep.java:29)
	at org.gradle.internal.execution.steps.BuildCacheStep.executeWithoutCache(BuildCacheStep.java:189)
	at org.gradle.internal.execution.steps.BuildCacheStep.lambda$execute$1(BuildCacheStep.java:75)
	at org.gradle.internal.Either$Right.fold(Either.java:175)
	at org.gradle.internal.execution.caching.CachingState.fold(CachingState.java:62)
	at org.gradle.internal.execution.steps.BuildCacheStep.execute(BuildCacheStep.java:73)
	at org.gradle.internal.execution.steps.BuildCacheStep.execute(BuildCacheStep.java:48)
	at org.gradle.internal.execution.steps.StoreExecutionStateStep.execute(StoreExecutionStateStep.java:46)
	at org.gradle.internal.execution.steps.StoreExecutionStateStep.execute(StoreExecutionStateStep.java:35)
	at org.gradle.internal.execution.steps.SkipUpToDateStep.executeBecause(SkipUpToDateStep.java:75)
	at org.gradle.internal.execution.steps.SkipUpToDateStep.lambda$execute$2(SkipUpToDateStep.java:53)
	at java.base/java.util.Optional.orElseGet(Optional.java:364)
	at org.gradle.internal.execution.steps.SkipUpToDateStep.execute(SkipUpToDateStep.java:53)
	at org.gradle.internal.execution.steps.SkipUpToDateStep.execute(SkipUpToDateStep.java:35)
	at org.gradle.internal.execution.steps.legacy.MarkSnapshottingInputsFinishedStep.execute(MarkSnapshottingInputsFinishe
dStep.java:37)
	at org.gradle.internal.execution.steps.legacy.MarkSnapshottingInputsFinishedStep.execute(MarkSnapshottingInputsFinishe
dStep.java:27)
	at org.gradle.internal.execution.steps.ResolveIncrementalCachingStateStep.executeDelegate(ResolveIncrementalCachingSta
teStep.java:49)
	at org.gradle.internal.execution.steps.ResolveIncrementalCachingStateStep.executeDelegate(ResolveIncrementalCachingSta
teStep.java:27)
	at 
org.gradle.internal.execution.steps.AbstractResolveCachingStateStep.execute(AbstractResolveCachingStateStep.java:71)
	at 
org.gradle.internal.execution.steps.AbstractResolveCachingStateStep.execute(AbstractResolveCachingStateStep.java:39)
	at org.gradle.internal.execution.steps.ResolveChangesStep.execute(ResolveChangesStep.java:65)
	at org.gradle.internal.execution.steps.ResolveChangesStep.execute(ResolveChangesStep.java:36)
	at org.gradle.internal.execution.steps.ValidateStep.execute(ValidateStep.java:107)
	at org.gradle.internal.execution.steps.ValidateStep.execute(ValidateStep.java:56)
	at org.gradle.internal.execution.steps.AbstractCaptureStateBeforeExecutionStep.execute(AbstractCaptureStateBeforeExecu
tionStep.java:64)
	at org.gradle.internal.execution.steps.AbstractCaptureStateBeforeExecutionStep.execute(AbstractCaptureStateBeforeExecu
tionStep.java:43)
	at org.gradle.internal.execution.steps.AbstractSkipEmptyWorkStep.executeWithNonEmptySources(AbstractSkipEmptyWorkStep.
java:125)
	at org.gradle.internal.execution.steps.AbstractSkipEmptyWorkStep.execute(AbstractSkipEmptyWorkStep.java:56)
	at org.gradle.internal.execution.steps.AbstractSkipEmptyWorkStep.execute(AbstractSkipEmptyWorkStep.java:36)
	at org.gradle.internal.execution.steps.legacy.MarkSnapshottingInputsStartedStep.execute(MarkSnapshottingInputsStartedS
tep.java:38)
	at org.gradle.internal.execution.steps.LoadPreviousExecutionStateStep.execute(LoadPreviousExecutionStateStep.java:36)
	at org.gradle.internal.execution.steps.LoadPreviousExecutionStateStep.execute(LoadPreviousExecutionStateStep.java:23)
	at org.gradle.internal.execution.steps.HandleStaleOutputsStep.execute(HandleStaleOutputsStep.java:75)
	at org.gradle.internal.execution.steps.HandleStaleOutputsStep.execute(HandleStaleOutputsStep.java:41)
	at org.gradle.internal.execution.steps.AssignMutableWorkspaceStep.lambda$execute$0(AssignMutableWorkspaceStep.java:35)
	at org.gradle.api.internal.tasks.execution.TaskExecution$4.withWorkspace(TaskExecution.java:289)
	at org.gradle.internal.execution.steps.AssignMutableWorkspaceStep.execute(AssignMutableWorkspaceStep.java:31)
	at org.gradle.internal.execution.steps.AssignMutableWorkspaceStep.execute(AssignMutableWorkspaceStep.java:22)
	at org.gradle.internal.execution.steps.ChoosePipelineStep.execute(ChoosePipelineStep.java:40)
	at org.gradle.internal.execution.steps.ChoosePipelineStep.execute(ChoosePipelineStep.java:23)
	at org.gradle.internal.execution.steps.ExecuteWorkBuildOperationFiringStep.lambda$execute$2(ExecuteWorkBuildOperationF
iringStep.java:67)
	at java.base/java.util.Optional.orElseGet(Optional.java:364)
	at org.gradle.internal.execution.steps.ExecuteWorkBuildOperationFiringStep.execute(ExecuteWorkBuildOperationFiringStep
.java:67)
	at org.gradle.internal.execution.steps.ExecuteWorkBuildOperationFiringStep.execute(ExecuteWorkBuildOperationFiringStep
.java:39)
	at org.gradle.internal.execution.steps.IdentityCacheStep.execute(IdentityCacheStep.java:46)
	at org.gradle.internal.execution.steps.IdentityCacheStep.execute(IdentityCacheStep.java:34)
	at org.gradle.internal.execution.steps.IdentifyStep.execute(IdentifyStep.java:48)
	at org.gradle.internal.execution.steps.IdentifyStep.execute(IdentifyStep.java:35)
	at org.gradle.internal.execution.impl.DefaultExecutionEngine$1.execute(DefaultExecutionEngine.java:61)
	at 
org.gradle.api.internal.tasks.execution.ExecuteActionsTaskExecuter.executeIfValid(ExecuteActionsTaskExecuter.java:127)
	at org.gradle.api.internal.tasks.execution.ExecuteActionsTaskExecuter.execute(ExecuteActionsTaskExecuter.java:116)
	at org.gradle.api.internal.tasks.execution.ProblemsTaskPathTrackingTaskExecuter.execute(ProblemsTaskPathTrackingTaskEx
ecuter.java:40)
	at 
org.gradle.api.internal.tasks.execution.FinalizePropertiesTaskExecuter.execute(FinalizePropertiesTaskExecuter.java:46)
	at org.gradle.api.internal.tasks.execution.ResolveTaskExecutionModeExecuter.execute(ResolveTaskExecutionModeExecuter.j
ava:51)
	at 
org.gradle.api.internal.tasks.execution.SkipTaskWithNoActionsExecuter.execute(SkipTaskWithNoActionsExecuter.java:57)
	at org.gradle.api.internal.tasks.execution.SkipOnlyIfTaskExecuter.execute(SkipOnlyIfTaskExecuter.java:74)
	at org.gradle.api.internal.tasks.execution.CatchExceptionTaskExecuter.execute(CatchExceptionTaskExecuter.java:36)
	at org.gradle.api.internal.tasks.execution.EventFiringTaskExecuter$1.executeTask(EventFiringTaskExecuter.java:77)
	at org.gradle.api.internal.tasks.execution.EventFiringTaskExecuter$1.call(EventFiringTaskExecuter.java:55)
	at org.gradle.api.internal.tasks.execution.EventFiringTaskExecuter$1.call(EventFiringTaskExecuter.java:52)
	at org.gradle.internal.operations.DefaultBuildOperationRunner$CallableBuildOperationWorker.execute(DefaultBuildOperati
onRunner.java:210)
	at org.gradle.internal.operations.DefaultBuildOperationRunner$CallableBuildOperationWorker.execute(DefaultBuildOperati
onRunner.java:205)
	at org.gradle.internal.operations.DefaultBuildOperationRunner$2.execute(DefaultBuildOperationRunner.java:67)
	at org.gradle.internal.operations.DefaultBuildOperationRunner$2.execute(DefaultBuildOperationRunner.java:60)
	at org.gradle.internal.operations.DefaultBuildOperationRunner.execute(DefaultBuildOperationRunner.java:167)
	at org.gradle.internal.operations.DefaultBuildOperationRunner.execute(DefaultBuildOperationRunner.java:60)
	at org.gradle.internal.operations.DefaultBuildOperationRunner.call(DefaultBuildOperationRunner.java:54)
	at org.gradle.api.internal.tasks.execution.EventFiringTaskExecuter.execute(EventFiringTaskExecuter.java:52)
	at org.gradle.execution.plan.LocalTaskNodeExecutor.execute(LocalTaskNodeExecutor.java:42)
	at org.gradle.execution.taskgraph.DefaultTaskExecutionGraph$InvokeNodeExecutorsAction.execute(DefaultTaskExecutionGrap
h.java:331)
	at org.gradle.execution.taskgraph.DefaultTaskExecutionGraph$InvokeNodeExecutorsAction.execute(DefaultTaskExecutionGrap
h.java:318)
	at org.gradle.execution.taskgraph.DefaultTaskExecutionGraph$BuildOperationAwareExecutionAction.lambda$execute$0(Defaul
tTaskExecutionGraph.java:314)
	at org.gradle.internal.operations.CurrentBuildOperationRef.with(CurrentBuildOperationRef.java:85)
	at org.gradle.execution.taskgraph.DefaultTaskExecutionGraph$BuildOperationAwareExecutionAction.execute(DefaultTaskExec
utionGraph.java:314)
	at org.gradle.execution.taskgraph.DefaultTaskExecutionGraph$BuildOperationAwareExecutionAction.execute(DefaultTaskExec
utionGraph.java:303)
	at org.gradle.execution.plan.DefaultPlanExecutor$ExecutorWorker.execute(DefaultPlanExecutor.java:459)
	at org.gradle.execution.plan.DefaultPlanExecutor$ExecutorWorker.run(DefaultPlanExecutor.java:376)
	at org.gradle.internal.concurrent.ExecutorPolicy$CatchAndRecordFailures.onExecute(ExecutorPolicy.java:64)
	at org.gradle.internal.concurrent.AbstractManagedExecutor$1.run(AbstractManagedExecutor.java:48)
	at java.base/java.util.concurrent.ThreadPoolExecutor.runWorker(ThreadPoolExecutor.java:1136)
	at java.base/java.util.concurrent.ThreadPoolExecutor$Worker.run(ThreadPoolExecutor.java:635)
	at java.base/java.lang.Thread.run(Thread.java:840)
Caused by: org.gradle.tooling.BuildException: Failed to process: 
C:\+Projects\Screenrecorder\FadCam\app\build\intermediates\javac\defaultDebug\compileDefaultDebugJavaWithJavac\classes
	at com.android.build.gradle.internal.dexing.DexWorkAction.run(DexWorkAction.kt:53)
	at com.android.build.gradle.internal.profile.ProfileAwareWorkAction.execute(ProfileAwareWorkAction.kt:74)
	at org.gradle.workers.internal.DefaultWorkerServer.execute(DefaultWorkerServer.java:63)
	at org.gradle.workers.internal.NoIsolationWorkerFactory$1$1.create(NoIsolationWorkerFactory.java:66)
	at org.gradle.workers.internal.NoIsolationWorkerFactory$1$1.create(NoIsolationWorkerFactory.java:62)
	at org.gradle.internal.classloader.ClassLoaderUtils.executeInClassloader(ClassLoaderUtils.java:100)
	at org.gradle.workers.internal.NoIsolationWorkerFactory$1.lambda$execute$0(NoIsolationWorkerFactory.java:62)
	at org.gradle.workers.internal.AbstractWorker$1.call(AbstractWorker.java:44)
	at org.gradle.workers.internal.AbstractWorker$1.call(AbstractWorker.java:41)
	at org.gradle.internal.operations.DefaultBuildOperationRunner$CallableBuildOperationWorker.execute(DefaultBuildOperati
onRunner.java:210)
	at org.gradle.internal.operations.DefaultBuildOperationRunner$CallableBuildOperationWorker.execute(DefaultBuildOperati
onRunner.java:205)
	at org.gradle.internal.operations.DefaultBuildOperationRunner$2.execute(DefaultBuildOperationRunner.java:67)
	at org.gradle.internal.operations.DefaultBuildOperationRunner$2.execute(DefaultBuildOperationRunner.java:60)
	at org.gradle.internal.operations.DefaultBuildOperationRunner.execute(DefaultBuildOperationRunner.java:167)
	at org.gradle.internal.operations.DefaultBuildOperationRunner.execute(DefaultBuildOperationRunner.java:60)
	at org.gradle.internal.operations.DefaultBuildOperationRunner.call(DefaultBuildOperationRunner.java:54)
	at org.gradle.workers.internal.AbstractWorker.executeWrappedInBuildOperation(AbstractWorker.java:41)
	at org.gradle.workers.internal.NoIsolationWorkerFactory$1.execute(NoIsolationWorkerFactory.java:59)
	at org.gradle.workers.internal.DefaultWorkerExecutor.lambda$submitWork$0(DefaultWorkerExecutor.java:174)
	at java.base/java.util.concurrent.FutureTask.run(FutureTask.java:264)
	at org.gradle.internal.work.DefaultConditionalExecutionQueue$ExecutionRunner.runExecution(DefaultConditionalExecutionQ
ueue.java:194)
	at org.gradle.internal.work.DefaultConditionalExecutionQueue$ExecutionRunner.access$700(DefaultConditionalExecutionQue
ue.java:127)
	at org.gradle.internal.work.DefaultConditionalExecutionQueue$ExecutionRunner$1.run(DefaultConditionalExecutionQueue.ja
va:169)
	at org.gradle.internal.Factories$1.create(Factories.java:31)
	at org.gradle.internal.work.DefaultWorkerLeaseService.withLocks(DefaultWorkerLeaseService.java:263)
	at org.gradle.internal.work.DefaultWorkerLeaseService.runAsWorkerThread(DefaultWorkerLeaseService.java:127)
	at org.gradle.internal.work.DefaultWorkerLeaseService.runAsWorkerThread(DefaultWorkerLeaseService.java:132)
	at org.gradle.internal.work.DefaultConditionalExecutionQueue$ExecutionRunner.runBatch(DefaultConditionalExecutionQueue
.java:164)
	at org.gradle.internal.work.DefaultConditionalExecutionQueue$ExecutionRunner.run(DefaultConditionalExecutionQueue.java
:133)
	at java.base/java.util.concurrent.Executors$RunnableAdapter.call(Executors.java:539)
	at java.base/java.util.concurrent.FutureTask.run(FutureTask.java:264)
	... 5 more
Caused by: com.android.builder.dexing.DexArchiveBuilderException: Failed to process: 
C:\+Projects\Screenrecorder\FadCam\app\build\intermediates\javac\defaultDebug\compileDefaultDebugJavaWithJavac\classes
	at com.android.build.gradle.internal.dexing.DexWorkActionKt.process(DexWorkAction.kt:187)
	at com.android.build.gradle.internal.dexing.DexWorkActionKt.processNonIncrementally(DexWorkAction.kt:146)
	at com.android.build.gradle.internal.dexing.DexWorkActionKt.launchProcessing(DexWorkAction.kt:73)
	at com.android.build.gradle.internal.dexing.DexWorkAction.run(DexWorkAction.kt:45)
	... 35 more
Caused by: com.android.builder.dexing.DexArchiveBuilderException: Error while dexing.
	at com.android.builder.dexing.D8DexArchiveBuilder.getExceptionToRethrow(D8DexArchiveBuilder.java:192)
	at com.android.builder.dexing.D8DexArchiveBuilder.convert(D8DexArchiveBuilder.java:131)
	at com.android.build.gradle.internal.dexing.DexWorkActionKt.process(DexWorkAction.kt:178)
	... 38 more
Caused by: com.android.tools.r8.CompilationFailedException: Compilation failed to complete, origin: C:\+Projects\Screen
recorder\FadCam\app\build\intermediates\javac\defaultDebug\compileDefaultDebugJavaWithJavac\classes\com\guardanis\applo
ck\pin\PINItemView.class
	at Version.fakeStackEntry(Version_8.13.17.java:0)
	at com.android.tools.r8.q0.a(R8_8.13.17_97db08832ecbd4beb6016980e73b2386bedfe714d44a914167fcb89e61b9b5c1:1)
	at com.android.tools.r8.internal.is0.a(R8_8.13.17_97db08832ecbd4beb6016980e73b2386bedfe714d44a914167fcb89e61b9b5c1:81)
	at com.android.tools.r8.internal.is0.a(R8_8.13.17_97db08832ecbd4beb6016980e73b2386bedfe714d44a914167fcb89e61b9b5c1:32)
	at com.android.tools.r8.internal.is0.a(R8_8.13.17_97db08832ecbd4beb6016980e73b2386bedfe714d44a914167fcb89e61b9b5c1:31)
	at com.android.tools.r8.internal.is0.b(R8_8.13.17_97db08832ecbd4beb6016980e73b2386bedfe714d44a914167fcb89e61b9b5c1:2)
	at com.android.tools.r8.D8.run(R8_8.13.17_97db08832ecbd4beb6016980e73b2386bedfe714d44a914167fcb89e61b9b5c1:11)
	at com.android.builder.dexing.D8DexArchiveBuilder.convert(D8DexArchiveBuilder.java:129)
	... 39 more
Caused by: com.android.tools.r8.internal.ax: Invalid empty classfile
	at com.android.tools.r8.graph.m9.a(R8_8.13.17_97db08832ecbd4beb6016980e73b2386bedfe714d44a914167fcb89e61b9b5c1:50)
	at 
com.android.tools.r8.internal.is0.a(R8_8.13.17_97db08832ecbd4beb6016980e73b2386bedfe714d44a914167fcb89e61b9b5c1:132)
	at 
com.android.tools.r8.internal.is0.a(R8_8.13.17_97db08832ecbd4beb6016980e73b2386bedfe714d44a914167fcb89e61b9b5c1:133)
	at 
com.android.tools.r8.internal.is0.a(R8_8.13.17_97db08832ecbd4beb6016980e73b2386bedfe714d44a914167fcb89e61b9b5c1:131)
	at com.android.tools.r8.graph.m9.b(R8_8.13.17_97db08832ecbd4beb6016980e73b2386bedfe714d44a914167fcb89e61b9b5c1:2)
	at com.android.tools.r8.dex.a.a(R8_8.13.17_97db08832ecbd4beb6016980e73b2386bedfe714d44a914167fcb89e61b9b5c1:33)
	at com.android.tools.r8.internal.d34.a(R8_8.13.17_97db08832ecbd4beb6016980e73b2386bedfe714d44a914167fcb89e61b9b5c1:23)
	at com.google.common.util.concurrent.TrustedListenableFutureTask$TrustedFutureInterruptibleTask.runInterruptibly(Trust
edListenableFutureTask.java:131)
	at com.google.common.util.concurrent.InterruptibleTask.run(InterruptibleTask.java:76)
	at com.google.common.util.concurrent.TrustedListenableFutureTask.run(TrustedListenableFutureTask.java:82)
	at com.google.common.util.concurrent.DirectExecutorService.execute(DirectExecutorService.java:51)
	at java.base/java.util.concurrent.AbstractExecutorService.submit(AbstractExecutorService.java:145)
	at com.google.common.util.concurrent.AbstractListeningExecutorService.submit(AbstractListeningExecutorService.java:79)
	at com.google.common.util.concurrent.AbstractListeningExecutorService.submit(AbstractListeningExecutorService.java:37)
	at 
com.android.tools.r8.internal.r34.submit(R8_8.13.17_97db08832ecbd4beb6016980e73b2386bedfe714d44a914167fcb89e61b9b5c1:1)
	at com.android.tools.r8.internal.d34.a(R8_8.13.17_97db08832ecbd4beb6016980e73b2386bedfe714d44a914167fcb89e61b9b5c1:15)
	at com.android.tools.r8.internal.d34.b(R8_8.13.17_97db08832ecbd4beb6016980e73b2386bedfe714d44a914167fcb89e61b9b5c1:1)
	at com.android.tools.r8.dex.a.a(R8_8.13.17_97db08832ecbd4beb6016980e73b2386bedfe714d44a914167fcb89e61b9b5c1:31)
	at com.android.tools.r8.dex.a.b(R8_8.13.17_97db08832ecbd4beb6016980e73b2386bedfe714d44a914167fcb89e61b9b5c1:499)
	at com.android.tools.r8.dex.c.a(R8_8.13.17_97db08832ecbd4beb6016980e73b2386bedfe714d44a914167fcb89e61b9b5c1:38)
	at com.android.tools.r8.dex.c.a(R8_8.13.17_97db08832ecbd4beb6016980e73b2386bedfe714d44a914167fcb89e61b9b5c1:12)
	at com.android.tools.r8.D8.a(R8_8.13.17_97db08832ecbd4beb6016980e73b2386bedfe714d44a914167fcb89e61b9b5c1:33)
	at com.android.tools.r8.D8.d(R8_8.13.17_97db08832ecbd4beb6016980e73b2386bedfe714d44a914167fcb89e61b9b5c1:20)
	at com.android.tools.r8.D8.b(R8_8.13.17_97db08832ecbd4beb6016980e73b2386bedfe714d44a914167fcb89e61b9b5c1:1)
	at com.android.tools.r8.internal.is0.a(R8_8.13.17_97db08832ecbd4beb6016980e73b2386bedfe714d44a914167fcb89e61b9b5c1:28)
	... 42 more
	Suppressed: java.lang.RuntimeException: java.util.concurrent.ExecutionException: com.android.tools.r8.internal.ax: 
Invalid empty classfile
		at com.android.tools.r8.dex.c.a(R8_8.13.17_97db08832ecbd4beb6016980e73b2386bedfe714d44a914167fcb89e61b9b5c1:60)
		... 47 more
	Caused by: java.util.concurrent.ExecutionException: com.android.tools.r8.internal.ax: Invalid empty classfile
		at com.google.common.util.concurrent.AbstractFuture.getDoneValue(AbstractFuture.java:596)
		at com.google.common.util.concurrent.AbstractFuture.get(AbstractFuture.java:555)
		at com.google.common.util.concurrent.FluentFuture$TrustedFuture.get(FluentFuture.java:91)
		at com.android.tools.r8.internal.r34.forEach(R8_8.13.17_97db08832ecbd4beb6016980e73b2386bedfe714d44a914167fcb89e61b9b
5c1:4)
		at com.android.tools.r8.internal.r34.awaitFutures(R8_8.13.17_97db08832ecbd4beb6016980e73b2386bedfe714d44a914167fcb89e
61b9b5c1:1)
		at 
com.android.tools.r8.internal.d34.a(R8_8.13.17_97db08832ecbd4beb6016980e73b2386bedfe714d44a914167fcb89e61b9b5c1:16)
		at com.android.tools.r8.dex.c.a(R8_8.13.17_97db08832ecbd4beb6016980e73b2386bedfe714d44a914167fcb89e61b9b5c1:39)
		... 47 more
	Caused by: [CIRCULAR REFERENCE: com.android.tools.r8.internal.ax: Invalid empty classfile]


> Task :app:dexBuilderDefaultDebug FAILED


FAILURE: Build failed with an exception.

* What went wrong:
Execution failed for task ':app:dexBuilderDefaultDebug'.
> There was a failure while executing work items
   > A failure occurred while executing com.android.build.gradle.internal.dexing.DexWorkAction
      > Failed to process: 
C:\+Projects\Screenrecorder\FadCam\app\build\intermediates\javac\defaultDebug\compileDefaultDebugJavaWithJavac\classes

* Try:
> Run with --stacktrace option to get the stack trace.
> Run with --info or --debug option to get more log output.
[Incubating] Problems report is available at: file:///C:/+Projects/Screenrecorder/FadCam/build/reports/problems/problems-report.html
> Run with --scan to get full insights.
> Get more help at https://help.gradle.org.

BUILD FAILED in 2m 29s
95 actionable tasks: 38 executed, 57 up-to-date
Configuration cache entry reused.
