Starting a Gradle Daemon, 6 busy Daemons could not be reused, use --status for details
Calculating task graph as no cached configuration is available for tasks: assembleDebug
> Task :media3-patched:lib-common:preBuild UP-TO-DATE
> Task :app:preBuild UP-TO-DATE
> Task :media3-patched:lib-muxer:preBuild UP-TO-DATE
> Task :media3-patched:lib-container:preBuild UP-TO-DATE
> Task :media3-patched:lib-common:preDebugBuild UP-TO-DATE
> Task :media3-patched:lib-muxer:preDebugBuild UP-TO-DATE
> Task :media3-patched:lib-container:preDebugBuild UP-TO-DATE
> Task :app:preDefaultDebugBuild UP-TO-DATE
> Task :app:generateDefaultDebugBuildConfig UP-TO-DATE
> Task :media3-patched:lib-muxer:writeDebugAarMetadata UP-TO-DATE
> Task :app:generateDefaultDebugResValues UP-TO-DATE
> Task :app:writeDefaultDebugAppMetadata UP-TO-DATE
> Task :app:validateSigningDefaultDebug UP-TO-DATE
> Task :app:createDefaultDebugCompatibleScreenManifests UP-TO-DATE
> Task :app:desugarDefaultDebugFileDependencies UP-TO-DATE
> Task :app:writeDefaultDebugSigningConfigVersions UP-TO-DATE
> Task :app:javaPreCompileDefaultDebug UP-TO-DATE
> Task :media3-patched:lib-common:writeDebugAarMetadata UP-TO-DATE
> Task :media3-patched:lib-muxer:processDebugNavigationResources UP-TO-DATE
> Task :media3-patched:lib-muxer:generateDebugResValues UP-TO-DATE
> Task :media3-patched:lib-container:writeDebugAarMetadata UP-TO-DATE
> Task :media3-patched:lib-common:processDebugNavigationResources UP-TO-DATE
> Task :app:mergeDefaultDebugJniLibFolders UP-TO-DATE
> Task :app:mergeDefaultDebugShaders UP-TO-DATE
> Task :app:extractDeepLinksDefaultDebug UP-TO-DATE
> Task :media3-patched:lib-container:mergeDebugJniLibFolders UP-TO-DATE
> Task :media3-patched:lib-common:mergeDebugJniLibFolders UP-TO-DATE
> Task :media3-patched:lib-muxer:mergeDebugJniLibFolders UP-TO-DATE
> Task :media3-patched:lib-container:processDebugNavigationResources UP-TO-DATE
> Task :media3-patched:lib-container:generateDebugResValues UP-TO-DATE
> Task :media3-patched:lib-common:generateDebugResValues UP-TO-DATE
> Task :media3-patched:lib-muxer:generateDebugResources UP-TO-DATE
> Task :media3-patched:lib-muxer:extractDeepLinksDebug UP-TO-DATE
> Task :media3-patched:lib-container:generateDebugResources UP-TO-DATE
> Task :media3-patched:lib-common:extractDeepLinksDebug UP-TO-DATE
> Task :media3-patched:lib-common:generateDebugResources UP-TO-DATE
> Task :media3-patched:lib-container:extractDeepLinksDebug UP-TO-DATE
> Task :media3-patched:lib-muxer:processDebugManifest UP-TO-DATE
> Task :media3-patched:lib-container:javaPreCompileDebug UP-TO-DATE
> Task :media3-patched:lib-common:javaPreCompileDebug UP-TO-DATE
> Task :media3-patched:lib-common:processDebugManifest UP-TO-DATE
> Task :media3-patched:lib-container:processDebugManifest UP-TO-DATE
> Task :media3-patched:lib-muxer:javaPreCompileDebug UP-TO-DATE
> Task :media3-patched:lib-container:mergeDebugNativeLibs NO-SOURCE
> Task :media3-patched:lib-muxer:mergeDebugNativeLibs NO-SOURCE
> Task :app:compileDefaultDebugShaders NO-SOURCE
> Task :media3-patched:lib-common:mergeDebugNativeLibs NO-SOURCE
> Task :app:generateDefaultDebugAssets UP-TO-DATE
> Task :media3-patched:lib-muxer:packageDebugResources UP-TO-DATE
> Task :media3-patched:lib-common:packageDebugResources UP-TO-DATE
> Task :media3-patched:lib-container:packageDebugResources UP-TO-DATE
> Task :media3-patched:lib-muxer:copyDebugJniLibsProjectOnly UP-TO-DATE
> Task :media3-patched:lib-container:copyDebugJniLibsProjectOnly UP-TO-DATE
> Task :media3-patched:lib-common:copyDebugJniLibsProjectOnly UP-TO-DATE
> Task :media3-patched:lib-common:mergeDebugShaders UP-TO-DATE
> Task :media3-patched:lib-container:mergeDebugShaders UP-TO-DATE
> Task :media3-patched:lib-muxer:mergeDebugShaders UP-TO-DATE
> Task :media3-patched:lib-muxer:compileDebugLibraryResources UP-TO-DATE
> Task :media3-patched:lib-common:compileDebugLibraryResources UP-TO-DATE
> Task :media3-patched:lib-muxer:compileDebugShaders NO-SOURCE
> Task :media3-patched:lib-common:compileDebugShaders NO-SOURCE
> Task :media3-patched:lib-muxer:generateDebugAssets UP-TO-DATE
> Task :media3-patched:lib-common:generateDebugAssets UP-TO-DATE
> Task :media3-patched:lib-container:compileDebugShaders NO-SOURCE
> Task :media3-patched:lib-container:generateDebugAssets UP-TO-DATE
> Task :media3-patched:lib-container:compileDebugLibraryResources UP-TO-DATE
> Task :media3-patched:lib-muxer:mergeDebugAssets UP-TO-DATE
> Task :media3-patched:lib-common:parseDebugLocalResources UP-TO-DATE
> Task :media3-patched:lib-container:parseDebugLocalResources UP-TO-DATE
> Task :media3-patched:lib-muxer:parseDebugLocalResources UP-TO-DATE
> Task :media3-patched:lib-container:mergeDebugAssets UP-TO-DATE
> Task :media3-patched:lib-muxer:processDebugJavaRes NO-SOURCE
> Task :media3-patched:lib-common:processDebugJavaRes NO-SOURCE
> Task :media3-patched:lib-container:processDebugJavaRes NO-SOURCE
> Task :media3-patched:lib-common:generateDebugRFile UP-TO-DATE
> Task :media3-patched:lib-container:generateDebugRFile UP-TO-DATE
> Task :media3-patched:lib-muxer:generateDebugRFile UP-TO-DATE
> Task :media3-patched:lib-common:mergeDebugAssets UP-TO-DATE
> Task :app:generateDefaultDebugResources UP-TO-DATE
> Task :media3-patched:lib-common:compileDebugJavaWithJavac UP-TO-DATE
> Task :media3-patched:lib-common:bundleLibRuntimeToJarDebug UP-TO-DATE
> Task :app:mapDefaultDebugSourceSetPaths UP-TO-DATE
> Task :media3-patched:lib-common:bundleLibCompileToJarDebug UP-TO-DATE
> Task :app:processDefaultDebugNavigationResources UP-TO-DATE
> Task :app:mergeDefaultDebugResources UP-TO-DATE
> Task :app:checkDefaultDebugAarMetadata UP-TO-DATE
> Task :app:checkDefaultDebugDuplicateClasses UP-TO-DATE
> Task :app:compileDefaultDebugNavigationResources UP-TO-DATE
> Task :app:mergeDefaultDebugAssets UP-TO-DATE
> Task :app:compressDefaultDebugAssets UP-TO-DATE
> Task :media3-patched:lib-common:bundleLibRuntimeToDirDebug UP-TO-DATE
> Task :media3-patched:lib-container:compileDebugJavaWithJavac UP-TO-DATE
> Task :media3-patched:lib-container:bundleLibCompileToJarDebug UP-TO-DATE
> Task :app:packageDefaultDebugResources UP-TO-DATE
> Task :media3-patched:lib-container:bundleLibRuntimeToJarDebug UP-TO-DATE
> Task :app:configureCMakeDebug[arm64-v8a]
> Task :app:parseDefaultDebugLocalResources UP-TO-DATE
> Task :media3-patched:lib-container:bundleLibRuntimeToDirDebug UP-TO-DATE
> Task :media3-patched:lib-muxer:compileDebugJavaWithJavac UP-TO-DATE
> Task :media3-patched:lib-muxer:bundleLibCompileToJarDebug UP-TO-DATE
> Task :media3-patched:lib-muxer:bundleLibRuntimeToJarDebug UP-TO-DATE
> Task :media3-patched:lib-muxer:bundleLibRuntimeToDirDebug UP-TO-DATE
> Task :app:mergeLibDexDefaultDebug UP-TO-DATE
> Task :app:mergeExtDexDefaultDebug UP-TO-DATE
> Task :app:processDefaultDebugMainManifest UP-TO-DATE
> Task :app:processDefaultDebugManifest UP-TO-DATE
> Task :app:processDefaultDebugManifestForPackage UP-TO-DATE
> Task :app:buildCMakeDebug[arm64-v8a]
> Task :app:mergeDefaultDebugNativeLibs UP-TO-DATE
> Task :app:stripDefaultDebugDebugSymbols UP-TO-DATE
> Task :app:processDefaultDebugResources UP-TO-DATE
> Task :app:extractDefaultDebugNativeDebugMetadata UP-TO-DATE
> Task :app:mergeDefaultDebugNativeDebugMetadata UP-TO-DATE
> Task :app:compileDefaultDebugJavaWithJavac UP-TO-DATE
> Task :app:processDefaultDebugJavaRes UP-TO-DATE
> Task :app:dexBuilderDefaultDebug UP-TO-DATE
> Task :app:mergeDefaultDebugJavaResource UP-TO-DATE
> Task :app:mergeProjectDexDefaultDebug UP-TO-DATE
> Task :app:mergeDefaultDebugGlobalSynthetics UP-TO-DATE
> Task :app:packageDefaultDebug UP-TO-DATE
> Task :app:assembleDefaultDebug UP-TO-DATE
> Task :app:assembleDebug UP-TO-DATE
> Task :app:createDefaultDebugApkListingFileRedirect UP-TO-DATE

[Incubating] Problems report is available at: file:///C:/+Projects/Screenrecorder/FadCam/build/reports/problems/problems-report.html

Deprecated Gradle features were used in this build, making it incompatible with Gradle 9.0.

You can use '--warning-mode all' to show the individual deprecation warnings and determine if they come from your own scripts or plugins.

For more on this, please refer to https://docs.gradle.org/8.13/userguide/command_line_interface.html#sec:command_line_warnings in the Gradle documentation.

BUILD SUCCESSFUL in 30s
99 actionable tasks: 2 executed, 97 up-to-date
Configuration cache entry stored.
